wandb: [wandb.login()] Loaded credentials for https://api.wandb.ai from /mnt/home/cmiyamoto/.netrc.
wandb: Currently logged in as: clarkmiyamoto (clarkmiyamoto-new-york-university) to https://api.wandb.ai. Use `wandb login --relogin` to force relogin
wandb: Tracking run with wandb version 0.26.1
wandb: Run data is saved locally in /mnt/home/cmiyamoto/scsi/scsi_new/experiments/cryoet_mnist/wandb/run-20261001_044532-ziyp1dq2
wandb: Run `wandb offline` to turn off syncing.
wandb: Syncing run lr3e-4_w40k_m5k
wandb: ⭐️ View project at https://wandb.ai/clarkmiyamoto-new-york-university/scsi-cryoet-mnist-three-fresh-lr-warmup-mstep
wandb: 🚀 View run at https://wandb.ai/clarkmiyamoto-new-york-university/scsi-cryoet-mnist-three-fresh-lr-warmup-mstep/runs/ziyp1dq2
wandb: updating run metadata
wandb: uploading media/images/viz/random/reconstruction_240000_b86f13922916a2d028d8.png; uploading media/images/viz/random/trajectory_240000_5b2d99ad7ef09162a903.png; uploading wandb-summary.json; uploading config.yaml; uploading media/images/viz/fixed/reconstruction_239999_b17a421a9ac1a78f9d71.png (+ 1 more)
wandb: 
wandb: Run history:
wandb:          em/step ▁▁▁▂▂▂▂▂▂▃▃▃▃▃▃▄▄▄▄▄▅▅▅▅▅▅▆▆▆▆▆▆▇▇▇▇▇▇██
wandb:  train/grad_norm ▇▂▁█▅▄▃▁▁▅▂▅▄▃▂▄▃▄▅▄▅▄▄▃▇▇▄▄▇▂▁▃▃█▅▅▅▄▆▅
wandb:       train/loss █▂▂▂▂▂▂▂▂▂▂▂▂▂▂▂▂▂▂▂▂▁▂▂▂▂▂▁▁▁▁▁▁▁▁▁▁▁▂▁
wandb:         train/lr ▇▆█▄█▁█▃▇▁▄▂██▅▃▂▃▂▆█▂▂▁██▇▆▂▇▇▄▁▁▅▇▅▁▃▃
wandb: warmup/grad_norm ▄▆▅▄▃▃▄▄▃▃▃▄▄▃▃▄▅▂▄▅▄▄▃▄▃█▂▂▅▂▂▃▂▁▂▂▁▂▂▃
wandb:      warmup/loss █▇▇▇▆▅▅▄▄▄▃▃▄▃▃▃▃▃▃▃▂▂▂▂▂▁▂▁▃▁▁▂▁▁▁▂▁▂▁▂
wandb:        warmup/lr █████▇▇▇▆▆▆▆▆▆▆▅▅▅▅▅▅▅▅▄▄▄▃▃▃▃▂▂▂▂▂▁▁▁▁▁
wandb: 
wandb: Run summary:
wandb:          em/step 40
wandb:  train/grad_norm 2.09289
wandb:       train/loss 0.36692
wandb:         train/lr 1e-05
wandb: warmup/grad_norm 2.07635
wandb:      warmup/loss 0.22615
wandb:        warmup/lr 1e-05
wandb: 
wandb: 🚀 View run lr3e-4_w40k_m5k at: https://wandb.ai/clarkmiyamoto-new-york-university/scsi-cryoet-mnist-three-fresh-lr-warmup-mstep/runs/ziyp1dq2
wandb: ⭐️ View project at: https://wandb.ai/clarkmiyamoto-new-york-university/scsi-cryoet-mnist-three-fresh-lr-warmup-mstep
wandb: Synced 4 W&B file(s), 164 media file(s), 0 artifact file(s) and 0 other file(s)
wandb: Find logs at: ./wandb/run-20261001_044532-ziyp1dq2/logs
