wandb: [wandb.login()] Loaded credentials for https://api.wandb.ai from /mnt/home/cmiyamoto/.netrc.
wandb: Currently logged in as: clarkmiyamoto (clarkmiyamoto-new-york-university) to https://api.wandb.ai. Use `wandb login --relogin` to force relogin
wandb: Tracking run with wandb version 0.26.1
wandb: Run data is saved locally in /mnt/home/cmiyamoto/scsi/scsi_new/experiments/cryoet_mnist/wandb/run-20261001_005729-ub7m6h9d
wandb: Run `wandb offline` to turn off syncing.
wandb: Syncing run lr1e-4_w10k_m20k
wandb: ⭐️ View project at https://wandb.ai/clarkmiyamoto-new-york-university/scsi-cryoet-mnist-three-fresh-lr-warmup-mstep
wandb: 🚀 View run at https://wandb.ai/clarkmiyamoto-new-york-university/scsi-cryoet-mnist-three-fresh-lr-warmup-mstep/runs/ub7m6h9d
wandb: updating run metadata
wandb: uploading media/images/viz/fixed/reconstruction_809999_c61dcbf0e00924a0ba48.png; uploading media/images/viz/fixed/trajectory_810000_cc8a8bc74d2ef209c414.png; uploading media/images/viz/random/reconstruction_810000_53bc3f2b19ef8f7f18c6.png; uploading media/images/viz/random/trajectory_810000_c71d6ea67a68d1aed60b.png; uploading wandb-summary.json (+ 1 more)
wandb: 
wandb: Run history:
wandb:          em/step ▁▁▁▂▂▂▂▂▂▃▃▃▃▃▃▄▄▄▄▄▅▅▅▅▅▅▆▆▆▆▆▆▇▇▇▇▇▇██
wandb:  train/grad_norm ▄▂▁▁▁▁▂▂▁▁▂▁▁▂▁▂▁▅▂▃▂▂▂▂▂▂▁▃▂▂█▄▂▃▂▂▂▂▂▂
wandb:       train/loss ▁▇▆▇▇▇▆▇▆▇▆█▅▇▆▅▄▆▅▄▅▄▄▄▄▇█▅▄▄▄▄▅▃▄▄▃▃▃▃
wandb:         train/lr ▅█▁▁▇▅██▇▄▁█▇▁▆█▅█▇▅▁█▃█▇▃▅▂▆▁▄▁▁▆▁▂█▂█▇
wandb: warmup/grad_norm ▃█▄▃▄▃▂▄▃▃▄▆▂▃▂▂▂▄▂▃▃▃▃▄▃▄▂▂▃▃▂▂▂▁▂▁▁▂▁▂
wandb:      warmup/loss █▅▅▃▃▄▄▄▃▃▂▂▂▁▂▂▁▂▂▂▂▁▂▂▁▁▂▂▂▁▂▁▂▂▂▂▂▁▂▂
wandb:        warmup/lr ██████▇▇▇▇▆▅▅▅▄▄▄▄▄▄▃▂▂▂▂▂▂▁▁▁▁▁▁▁▁▁▁▁▁▁
wandb: 
wandb: Run summary:
wandb:          em/step 40
wandb:  train/grad_norm 2.31686
wandb:       train/loss 0.44816
wandb:         train/lr 1e-05
wandb: warmup/grad_norm 2.15843
wandb:      warmup/loss 0.31192
wandb:        warmup/lr 1e-05
wandb: 
wandb: 🚀 View run lr1e-4_w10k_m20k at: https://wandb.ai/clarkmiyamoto-new-york-university/scsi-cryoet-mnist-three-fresh-lr-warmup-mstep/runs/ub7m6h9d
wandb: ⭐️ View project at: https://wandb.ai/clarkmiyamoto-new-york-university/scsi-cryoet-mnist-three-fresh-lr-warmup-mstep
wandb: Synced 4 W&B file(s), 164 media file(s), 0 artifact file(s) and 0 other file(s)
wandb: Find logs at: ./wandb/run-20261001_005729-ub7m6h9d/logs
