wandb: [wandb.login()] Loaded credentials for https://api.wandb.ai from /mnt/home/cmiyamoto/.netrc.
wandb: Currently logged in as: clarkmiyamoto (clarkmiyamoto-new-york-university) to https://api.wandb.ai. Use `wandb login --relogin` to force relogin
wandb: Tracking run with wandb version 0.26.1
wandb: Run data is saved locally in /mnt/home/cmiyamoto/scsi/scsi_new/experiments/cryoet_mnist/wandb/run-20261001_005421-chib88nn
wandb: Run `wandb offline` to turn off syncing.
wandb: Syncing run lr1e-4_w10k_m10k
wandb: ⭐️ View project at https://wandb.ai/clarkmiyamoto-new-york-university/scsi-cryoet-mnist-three-fresh-lr-warmup-mstep
wandb: 🚀 View run at https://wandb.ai/clarkmiyamoto-new-york-university/scsi-cryoet-mnist-three-fresh-lr-warmup-mstep/runs/chib88nn
wandb: updating run metadata
wandb: uploading media/images/viz/random/trajectory_410000_3c9180a8a2fc2b3869ce.png; uploading wandb-summary.json; uploading config.yaml; uploading media/images/viz/fixed/reconstruction_409999_d05fe2bd40aa56497239.png; uploading media/images/viz/fixed/trajectory_410000_3748b444945a72f7bf1e.png (+ 1 more)
wandb: 
wandb: Run history:
wandb:          em/step ▁▁▁▂▂▂▂▂▂▃▃▃▃▃▃▄▄▄▄▄▅▅▅▅▅▅▆▆▆▆▆▆▇▇▇▇▇▇██
wandb:  train/grad_norm ▃▂▃▃▂▁▂▁▂▂▃▂▂▁▂▂▂█▂▂▂▂▂▁▂▁▄▅▃▂▂▂▃▂▂▂▂▂▂▂
wandb:       train/loss ▁▁▂▂▂▂▂▂▂▂▂▂▂▂▂▂▂▃▂▄▂▂▂▂▂▁▂▂▂▁█▂▁▁▂▁▁▁▃▁
wandb:         train/lr ▄▃▁▆▅▁▄▆▁▁▁▅▂█▇█▁█▇▁▇▄▂▃▂█▄▂▁▇▁▄▃▂▁█▇▇█▆
wandb: warmup/grad_norm █▁▂▂▂▂▂▂▂▂▂▂▂▂▂▁▂▂▂▂▂▁▂▂▂▃▂▁▁▂▂▂▂▁▁▁▁▁▁▁
wandb:      warmup/loss ▇█▅▇▆▅▇▅▆▅▄▅▄▅▃▃▃▂▂▃▃▂▂▁▃▂▁▂▂▃▃▃▃▂▂▂▂▁▂▂
wandb:        warmup/lr ██████████▇▆▆▆▆▅▅▅▅▅▄▄▄▄▄▄▂▂▂▂▂▁▁▁▁▁▁▁▁▁
wandb: 
wandb: Run summary:
wandb:          em/step 40
wandb:  train/grad_norm 2.68932
wandb:       train/loss 0.4824
wandb:         train/lr 1e-05
wandb: warmup/grad_norm 2.11032
wandb:      warmup/loss 0.31662
wandb:        warmup/lr 1e-05
wandb: 
wandb: 🚀 View run lr1e-4_w10k_m10k at: https://wandb.ai/clarkmiyamoto-new-york-university/scsi-cryoet-mnist-three-fresh-lr-warmup-mstep/runs/chib88nn
wandb: ⭐️ View project at: https://wandb.ai/clarkmiyamoto-new-york-university/scsi-cryoet-mnist-three-fresh-lr-warmup-mstep
wandb: Synced 4 W&B file(s), 164 media file(s), 0 artifact file(s) and 0 other file(s)
wandb: Find logs at: ./wandb/run-20261001_005421-chib88nn/logs
