wandb: [wandb.login()] Loaded credentials for https://api.wandb.ai from /mnt/home/cmiyamoto/.netrc.
wandb: Currently logged in as: clarkmiyamoto (clarkmiyamoto-new-york-university) to https://api.wandb.ai. Use `wandb login --relogin` to force relogin
wandb: Tracking run with wandb version 0.26.1
wandb: Run data is saved locally in /mnt/home/cmiyamoto/scsi/scsi_new/experiments/cryoet_mnist/wandb/run-20261001_042107-es244ihh
wandb: Run `wandb offline` to turn off syncing.
wandb: Syncing run lr3e-4_w40k_m10k
wandb: ⭐️ View project at https://wandb.ai/clarkmiyamoto-new-york-university/scsi-cryoet-mnist-three-fresh-lr-warmup-mstep
wandb: 🚀 View run at https://wandb.ai/clarkmiyamoto-new-york-university/scsi-cryoet-mnist-three-fresh-lr-warmup-mstep/runs/es244ihh
wandb: updating run metadata
wandb: uploading media/images/viz/random/reconstruction_440000_6f6efbf3a4748dd17e16.png; uploading media/images/viz/random/trajectory_440000_4ea727d5736ce14aea6e.png; uploading wandb-summary.json; uploading config.yaml; uploading media/images/viz/fixed/reconstruction_439999_c814401bb7777dc22885.png (+ 1 more)
wandb: 
wandb: Run history:
wandb:          em/step ▁▁▁▂▂▂▂▂▂▃▃▃▃▃▃▄▄▄▄▄▅▅▅▅▅▅▆▆▆▆▆▆▇▇▇▇▇▇██
wandb:  train/grad_norm ▃▃▃▂▄▁▂▁▂▃▇▂▄▂▂▂▄▃▂▃▄▄▃▃▃▃▂▃█▂▃▃▃▂▂▂▂▃▃▃
wandb:       train/loss ▄▅▅▅▄▅▄▄▄█▅▅▃▃▃▃▄▃▃▃▃▃▄▂▃▃▃▂▄▃▂▂█▂▁▂▁▂▁▂
wandb:         train/lr ▂█▇█▁▃▁▇▅▃▇▅▁▂▄█▅▄▅█▃▄▂▁▇▅▁▅▄▇▄▇██▅██▆█▅
wandb: warmup/grad_norm █▃▄▅▅▄▂▃▃▅▄▄▄▃▅▅▄▂▄▃▃▆▄▃▅▅▃▄▂▄▃▂▁▂▂▁▁▂▂▁
wandb:      warmup/loss █▇▇▄▄▄▄▄▄▄▄▃▄▄▃▃▃▄▄▂▃▂▂▃▂▂▂▁▁▂▂▂▂▂▁▂▂▂▁▂
wandb:        warmup/lr █████████▇▇▇▇▇▆▆▅▅▅▅▅▄▄▄▃▃▃▃▃▃▂▂▂▂▁▁▁▁▁▁
wandb: 
wandb: Run summary:
wandb:          em/step 40
wandb:  train/grad_norm 1.96642
wandb:       train/loss 0.21717
wandb:         train/lr 1e-05
wandb: warmup/grad_norm 2.84488
wandb:      warmup/loss 0.22189
wandb:        warmup/lr 1e-05
wandb: 
wandb: 🚀 View run lr3e-4_w40k_m10k at: https://wandb.ai/clarkmiyamoto-new-york-university/scsi-cryoet-mnist-three-fresh-lr-warmup-mstep/runs/es244ihh
wandb: ⭐️ View project at: https://wandb.ai/clarkmiyamoto-new-york-university/scsi-cryoet-mnist-three-fresh-lr-warmup-mstep
wandb: Synced 4 W&B file(s), 164 media file(s), 0 artifact file(s) and 0 other file(s)
wandb: Find logs at: ./wandb/run-20261001_042107-es244ihh/logs
