wandb: [wandb.login()] Loaded credentials for https://api.wandb.ai from /mnt/home/cmiyamoto/.netrc.
wandb: Currently logged in as: clarkmiyamoto (clarkmiyamoto-new-york-university) to https://api.wandb.ai. Use `wandb login --relogin` to force relogin
wandb: Tracking run with wandb version 0.26.1
wandb: Run data is saved locally in /mnt/home/cmiyamoto/scsi/scsi_new/experiments/cryoet_mnist/wandb/run-20261001_005150-le4fsaaf
wandb: Run `wandb offline` to turn off syncing.
wandb: Syncing run lr1e-3_w20k_m20k
wandb: ⭐️ View project at https://wandb.ai/clarkmiyamoto-new-york-university/scsi-cryoet-mnist-three-fresh-lr-warmup-mstep
wandb: 🚀 View run at https://wandb.ai/clarkmiyamoto-new-york-university/scsi-cryoet-mnist-three-fresh-lr-warmup-mstep/runs/le4fsaaf
wandb: updating run metadata
wandb: uploading media/images/viz/fixed/reconstruction_819999_1bdde603683ce920c614.png; uploading media/images/viz/fixed/trajectory_820000_4535ecff13b065931c59.png; uploading config.yaml
wandb: 
wandb: Run history:
wandb:          em/step ▁▁▁▂▂▂▂▂▂▃▃▃▃▃▃▄▄▄▄▄▅▅▅▅▅▅▆▆▆▆▆▆▇▇▇▇▇▇██
wandb:  train/grad_norm ▃▃▂▂▄▂▅▂▇▃▂▂▂▁▂▃▅▃▃▄▃▃▃▁▂▅▅▃▂▆▄▃▃▆▄▃█▅▆▅
wandb:       train/loss ▆▅▄▃▄▅▃▃▄▄▅▃▃▂▃█▂▂▂▂▂▂▂▃▃▂▃▂▃▂▃▃▁▁▃▃▂▃▁▃
wandb:         train/lr █▅▂▁▇█▆██▂▂▁█▇▅▁█▆▄█▅▂▂█▁█▂▃▆▁▆▃▇▄▄▃▁▇█▃
wandb: warmup/grad_norm ▄▄█▅▄▅▃▅▄▃▄▅▆▃▄▅▄▃▅▅▅▄▅▃▃▃▃▄▁▃▃▂▂▂▂▁▁▁▁▃
wandb:      warmup/loss █▃▃▂▃▂▂▂▂▂▂▂▂▁▁▂▁▁▁▁▁▁▁▁▁▁▁▁▂▁▁▁▁▁▁▁▁▁▁▁
wandb:        warmup/lr ████████████▇▇▇▇▇▇▇▆▆▅▅▄▄▄▄▄▄▃▂▂▂▁▁▁▁▁▁▁
wandb: 
wandb: Run summary:
wandb:          em/step 40
wandb:  train/grad_norm 1.74831
wandb:       train/loss 0.07148
wandb:         train/lr 1e-05
wandb: warmup/grad_norm 3.15884
wandb:      warmup/loss 0.27946
wandb:        warmup/lr 1e-05
wandb: 
wandb: 🚀 View run lr1e-3_w20k_m20k at: https://wandb.ai/clarkmiyamoto-new-york-university/scsi-cryoet-mnist-three-fresh-lr-warmup-mstep/runs/le4fsaaf
wandb: ⭐️ View project at: https://wandb.ai/clarkmiyamoto-new-york-university/scsi-cryoet-mnist-three-fresh-lr-warmup-mstep
wandb: Synced 4 W&B file(s), 164 media file(s), 0 artifact file(s) and 0 other file(s)
wandb: Find logs at: ./wandb/run-20261001_005150-le4fsaaf/logs
